2026-01-17T17:50:19.732Z - info: Navigate to VSCode repo page
2026-01-17T17:50:24.262Z - info: Verify repo owner and name
2026-01-17T17:50:24.537Z - info: Verify star count visible and > 100k
2026-01-17T17:50:24.591Z - info: Verify fork count visible
2026-01-17T17:50:24.640Z - info: Verify README content is rendered
2026-01-17T18:33:00.865Z - info: Navigate to VSCode repo page
2026-01-17T18:33:05.390Z - info: Click on src folder
2026-01-17T18:33:06.329Z - info: verify URL changes
2026-01-17T18:33:07.214Z - info: Verify breadcrumb shows src
2026-01-17T18:33:08.070Z - info: Navigate a .ts file (main.ts)
2026-01-17T18:33:08.915Z - info: Verify syntax highlighting is present
2026-01-17T18:35:08.548Z - info: Navigate to VSCode repo page
2026-01-17T18:35:17.294Z - info: Click on src folder
2026-01-17T18:35:18.266Z - info: verify URL changes
2026-01-17T18:35:19.721Z - info: Verify breadcrumb shows src
2026-01-17T18:35:20.510Z - info: Navigate a .ts file (main.ts)
2026-01-17T18:35:21.123Z - info: Verify syntax highlighting is present
2026-01-17T18:36:40.385Z - info: Navigate to VSCode repo page
2026-01-17T18:36:43.616Z - info: Click on src folder
2026-01-17T18:36:44.407Z - info: verify URL changes
2026-01-17T18:36:45.263Z - info: Verify breadcrumb shows src
2026-01-17T18:36:46.146Z - info: Navigate a .ts file (main.ts)
2026-01-17T18:36:46.654Z - info: Verify syntax highlighting is present
2026-01-17T18:43:46.333Z - info: Navigate to VSCode repo page
2026-01-17T18:43:49.722Z - info: Verify repo owner and name
2026-01-17T18:43:50.322Z - info: Verify star count visible and > 100k
2026-01-17T18:43:50.376Z - info: Verify fork count visible
2026-01-17T18:43:50.428Z - info: Verify README content is rendered
2026-01-17T18:43:51.516Z - info: Navigate to VSCode repo page
2026-01-17T18:43:55.037Z - info: Click on src folder
2026-01-17T18:43:55.428Z - info: verify URL changes
2026-01-17T18:43:56.650Z - info: Verify breadcrumb shows src
2026-01-17T18:43:57.321Z - info: Navigate a .ts file (main.ts)
2026-01-17T18:43:57.698Z - info: Verify syntax highlighting is present
2026-01-17T18:44:04.062Z - info: Navigate to VSCode repo page
2026-01-17T18:44:06.683Z - info: Verify About section has description
2026-01-17T18:44:06.881Z - info: Verify license information is displayed
2026-01-17T18:44:07.224Z - info: Verify topics/tags are visible
2026-01-17T18:44:15.574Z - info: Navigate to VSCode repo page
2026-01-17T18:44:20.811Z - info: Verify repo owner and name
2026-01-17T18:44:22.067Z - info: Verify star count visible and > 100k
2026-01-17T18:44:22.270Z - info: Verify fork count visible
2026-01-17T18:44:22.363Z - info: Verify README content is rendered
2026-01-17T18:44:23.879Z - info: Navigate to VSCode repo page
2026-01-17T18:44:27.569Z - info: Click on src folder
2026-01-17T18:44:28.974Z - info: verify URL changes
2026-01-17T18:44:30.064Z - info: Verify breadcrumb shows src
2026-01-17T18:44:31.180Z - info: Navigate a .ts file (main.ts)
2026-01-17T18:44:34.460Z - info: Verify syntax highlighting is present
2026-01-17T18:44:40.916Z - info: Navigate to VSCode repo page
2026-01-17T18:44:45.198Z - info: Verify About section has description
2026-01-17T18:44:46.049Z - info: Verify license information is displayed
2026-01-17T18:44:46.826Z - info: Verify topics/tags are visible
2026-01-17T18:44:53.598Z - info: Navigate to VSCode repo page
2026-01-17T18:44:56.611Z - info: Verify repo owner and name
2026-01-17T18:44:58.412Z - info: Verify star count visible and > 100k
2026-01-17T18:44:58.822Z - info: Verify fork count visible
2026-01-17T18:44:58.924Z - info: Verify README content is rendered
2026-01-17T18:45:00.320Z - info: Navigate to VSCode repo page
2026-01-17T18:45:02.267Z - info: Click on src folder
2026-01-17T18:45:05.306Z - info: verify URL changes
2026-01-17T18:45:06.588Z - info: Verify breadcrumb shows src
2026-01-17T18:45:08.467Z - info: Navigate a .ts file (main.ts)
2026-01-17T18:45:09.338Z - info: Verify syntax highlighting is present
2026-01-17T18:45:15.300Z - info: Navigate to VSCode repo page
2026-01-17T18:45:17.827Z - info: Verify About section has description
2026-01-17T18:45:19.126Z - info: Verify license information is displayed
2026-01-17T18:45:20.762Z - info: Verify topics/tags are visible
2026-01-17T18:53:28.178Z - info: Navigate to VSCode repo page
2026-01-17T18:53:32.182Z - info: Verify repo owner and name
2026-01-17T18:53:32.809Z - info: Verify star count visible and > 100k
2026-01-17T18:53:32.895Z - info: Verify fork count visible
2026-01-17T18:53:32.995Z - info: Verify README content is rendered
